[debug] [2025-07-09T02:04:10.403Z] ----------------------------------------------------------------------
[debug] [2025-07-09T02:04:10.405Z] Command:       /nix/store/rbdrkcs5kkwpalxcd7c6bnm33lk2955n-nodejs-20.19.0/bin/node /nix/store/fprgfkwna33crhc86jqbf5878piivvgw-firebase-tools-14.7.0/lib/node_modules/firebase-tools/lib/bin/firebase.js deploy --only hosting
[debug] [2025-07-09T02:04:10.406Z] CLI Version:   14.7.0
[debug] [2025-07-09T02:04:10.406Z] Platform:      linux
[debug] [2025-07-09T02:04:10.406Z] Node Version:  v20.19.0
[debug] [2025-07-09T02:04:10.406Z] Time:          Wed Jul 09 2025 02:04:10 GMT+0000 (Coordinated Universal Time)
[debug] [2025-07-09T02:04:10.406Z] ----------------------------------------------------------------------
[debug] 
[debug] [2025-07-09T02:04:10.644Z] > command requires scopes: ["email","openid","https://www.googleapis.com/auth/cloudplatformprojects.readonly","https://www.googleapis.com/auth/firebase","https://www.googleapis.com/auth/cloud-platform"]
[debug] [2025-07-09T02:04:10.645Z] > authorizing via signed-in user (franck.belot@gmail.com)
[debug] [2025-07-09T02:04:10.645Z] [iam] checking project food-truck-729ef for permissions ["firebase.projects.get","firebasehosting.sites.update"]
[debug] [2025-07-09T02:04:10.646Z] Checked if tokens are valid: true, expires at: 1752030119347
[debug] [2025-07-09T02:04:10.647Z] Checked if tokens are valid: true, expires at: 1752030119347
[debug] [2025-07-09T02:04:10.648Z] >>> [apiv2][query] POST https://cloudresourcemanager.googleapis.com/v1/projects/food-truck-729ef:testIamPermissions [none]
[debug] [2025-07-09T02:04:10.648Z] >>> [apiv2][(partial)header] POST https://cloudresourcemanager.googleapis.com/v1/projects/food-truck-729ef:testIamPermissions x-goog-quota-user=projects/food-truck-729ef
[debug] [2025-07-09T02:04:10.648Z] >>> [apiv2][body] POST https://cloudresourcemanager.googleapis.com/v1/projects/food-truck-729ef:testIamPermissions {"permissions":["firebase.projects.get","firebasehosting.sites.update"]}
[debug] [2025-07-09T02:04:10.860Z] <<< [apiv2][status] POST https://cloudresourcemanager.googleapis.com/v1/projects/food-truck-729ef:testIamPermissions 200
[debug] [2025-07-09T02:04:10.860Z] <<< [apiv2][body] POST https://cloudresourcemanager.googleapis.com/v1/projects/food-truck-729ef:testIamPermissions {}
[debug] [2025-07-09T02:04:10.861Z] [iam] error while checking permissions, command may fail: Authorization failed. This account is missing the following required permissions on project food-truck-729ef:

  firebase.projects.get
  firebasehosting.sites.update
[debug] [2025-07-09T02:04:10.861Z] Checked if tokens are valid: true, expires at: 1752030119347
[debug] [2025-07-09T02:04:10.862Z] Checked if tokens are valid: true, expires at: 1752030119347
[debug] [2025-07-09T02:04:10.862Z] >>> [apiv2][query] GET https://firebase.googleapis.com/v1beta1/projects/food-truck-729ef [none]
[debug] [2025-07-09T02:04:11.142Z] <<< [apiv2][status] GET https://firebase.googleapis.com/v1beta1/projects/food-truck-729ef 403
[debug] [2025-07-09T02:04:11.142Z] <<< [apiv2][body] GET https://firebase.googleapis.com/v1beta1/projects/food-truck-729ef {"error":{"code":403,"message":"The caller does not have permission","status":"PERMISSION_DENIED"}}
[debug] [2025-07-09T02:04:11.143Z] Request to https://firebase.googleapis.com/v1beta1/projects/food-truck-729ef had HTTP Error: 403, The caller does not have permission
[debug] [2025-07-09T02:04:11.144Z] FirebaseError: Request to https://firebase.googleapis.com/v1beta1/projects/food-truck-729ef had HTTP Error: 403, The caller does not have permission
    at responseToError (/nix/store/fprgfkwna33crhc86jqbf5878piivvgw-firebase-tools-14.7.0/lib/node_modules/firebase-tools/lib/responseToError.js:52:12)
    at RetryOperation._fn (/nix/store/fprgfkwna33crhc86jqbf5878piivvgw-firebase-tools-14.7.0/lib/node_modules/firebase-tools/lib/apiv2.js:312:77)
    at process.processTicksAndRejections (node:internal/process/task_queues:95:5)
[error] 
[error] Error: Failed to get Firebase project food-truck-729ef. Please make sure the project exists and your account has permission to access it.
[debug] [2025-07-09T02:36:16.281Z] ----------------------------------------------------------------------
[debug] [2025-07-09T02:36:16.283Z] Command:       /nix/store/rbdrkcs5kkwpalxcd7c6bnm33lk2955n-nodejs-20.19.0/bin/node /nix/store/fprgfkwna33crhc86jqbf5878piivvgw-firebase-tools-14.7.0/lib/node_modules/firebase-tools/lib/bin/firebase.js deploy --only hosting
[debug] [2025-07-09T02:36:16.284Z] CLI Version:   14.7.0
[debug] [2025-07-09T02:36:16.284Z] Platform:      linux
[debug] [2025-07-09T02:36:16.284Z] Node Version:  v20.19.0
[debug] [2025-07-09T02:36:16.284Z] Time:          Wed Jul 09 2025 02:36:16 GMT+0000 (Coordinated Universal Time)
[debug] [2025-07-09T02:36:16.284Z] ----------------------------------------------------------------------
[debug] 
[debug] [2025-07-09T02:36:16.500Z] > command requires scopes: ["email","openid","https://www.googleapis.com/auth/cloudplatformprojects.readonly","https://www.googleapis.com/auth/firebase","https://www.googleapis.com/auth/cloud-platform"]
[debug] [2025-07-09T02:36:16.501Z] > authorizing via signed-in user (franck.belot@gmail.com)
[debug] [2025-07-09T02:36:16.501Z] [iam] checking project food-truck-729ef for permissions ["firebase.projects.get","firebasehosting.sites.update"]
[debug] [2025-07-09T02:36:16.502Z] Checked if tokens are valid: true, expires at: 1752030119347
[debug] [2025-07-09T02:36:16.503Z] Checked if tokens are valid: true, expires at: 1752030119347
[debug] [2025-07-09T02:36:16.504Z] >>> [apiv2][query] POST https://cloudresourcemanager.googleapis.com/v1/projects/food-truck-729ef:testIamPermissions [none]
[debug] [2025-07-09T02:36:16.504Z] >>> [apiv2][(partial)header] POST https://cloudresourcemanager.googleapis.com/v1/projects/food-truck-729ef:testIamPermissions x-goog-quota-user=projects/food-truck-729ef
[debug] [2025-07-09T02:36:16.504Z] >>> [apiv2][body] POST https://cloudresourcemanager.googleapis.com/v1/projects/food-truck-729ef:testIamPermissions {"permissions":["firebase.projects.get","firebasehosting.sites.update"]}
[debug] [2025-07-09T02:36:16.752Z] <<< [apiv2][status] POST https://cloudresourcemanager.googleapis.com/v1/projects/food-truck-729ef:testIamPermissions 200
[debug] [2025-07-09T02:36:16.752Z] <<< [apiv2][body] POST https://cloudresourcemanager.googleapis.com/v1/projects/food-truck-729ef:testIamPermissions {}
[debug] [2025-07-09T02:36:16.752Z] [iam] error while checking permissions, command may fail: Authorization failed. This account is missing the following required permissions on project food-truck-729ef:

  firebase.projects.get
  firebasehosting.sites.update
[debug] [2025-07-09T02:36:16.753Z] Checked if tokens are valid: true, expires at: 1752030119347
[debug] [2025-07-09T02:36:16.753Z] Checked if tokens are valid: true, expires at: 1752030119347
[debug] [2025-07-09T02:36:16.753Z] >>> [apiv2][query] GET https://firebase.googleapis.com/v1beta1/projects/food-truck-729ef [none]
[debug] [2025-07-09T02:36:16.942Z] <<< [apiv2][status] GET https://firebase.googleapis.com/v1beta1/projects/food-truck-729ef 403
[debug] [2025-07-09T02:36:16.942Z] <<< [apiv2][body] GET https://firebase.googleapis.com/v1beta1/projects/food-truck-729ef {"error":{"code":403,"message":"The caller does not have permission","status":"PERMISSION_DENIED"}}
[debug] [2025-07-09T02:36:16.943Z] Request to https://firebase.googleapis.com/v1beta1/projects/food-truck-729ef had HTTP Error: 403, The caller does not have permission
[debug] [2025-07-09T02:36:16.944Z] FirebaseError: Request to https://firebase.googleapis.com/v1beta1/projects/food-truck-729ef had HTTP Error: 403, The caller does not have permission
    at responseToError (/nix/store/fprgfkwna33crhc86jqbf5878piivvgw-firebase-tools-14.7.0/lib/node_modules/firebase-tools/lib/responseToError.js:52:12)
    at RetryOperation._fn (/nix/store/fprgfkwna33crhc86jqbf5878piivvgw-firebase-tools-14.7.0/lib/node_modules/firebase-tools/lib/apiv2.js:312:77)
    at process.processTicksAndRejections (node:internal/process/task_queues:95:5)
[error] 
[error] Error: Failed to get Firebase project food-truck-729ef. Please make sure the project exists and your account has permission to access it.
[debug] [2025-07-09T02:41:54.787Z] ----------------------------------------------------------------------
[debug] [2025-07-09T02:41:54.789Z] Command:       /nix/store/rbdrkcs5kkwpalxcd7c6bnm33lk2955n-nodejs-20.19.0/bin/node /nix/store/fprgfkwna33crhc86jqbf5878piivvgw-firebase-tools-14.7.0/lib/node_modules/firebase-tools/lib/bin/firebase.js deploy --only hosting
[debug] [2025-07-09T02:41:54.790Z] CLI Version:   14.7.0
[debug] [2025-07-09T02:41:54.790Z] Platform:      linux
[debug] [2025-07-09T02:41:54.790Z] Node Version:  v20.19.0
[debug] [2025-07-09T02:41:54.790Z] Time:          Wed Jul 09 2025 02:41:54 GMT+0000 (Coordinated Universal Time)
[debug] [2025-07-09T02:41:54.790Z] ----------------------------------------------------------------------
[debug] 
[debug] [2025-07-09T02:41:55.033Z] > command requires scopes: ["email","openid","https://www.googleapis.com/auth/cloudplatformprojects.readonly","https://www.googleapis.com/auth/firebase","https://www.googleapis.com/auth/cloud-platform"]
[debug] [2025-07-09T02:41:55.033Z] > authorizing via signed-in user (franck.belot@gmail.com)
[debug] [2025-07-09T02:41:55.034Z] [iam] checking project food-truck-730ef for permissions ["firebase.projects.get","firebasehosting.sites.update"]
[debug] [2025-07-09T02:41:55.035Z] Checked if tokens are valid: true, expires at: 1752030119347
[debug] [2025-07-09T02:41:55.035Z] Checked if tokens are valid: true, expires at: 1752030119347
[debug] [2025-07-09T02:41:55.036Z] >>> [apiv2][query] POST https://cloudresourcemanager.googleapis.com/v1/projects/food-truck-730ef:testIamPermissions [none]
[debug] [2025-07-09T02:41:55.036Z] >>> [apiv2][(partial)header] POST https://cloudresourcemanager.googleapis.com/v1/projects/food-truck-730ef:testIamPermissions x-goog-quota-user=projects/food-truck-730ef
[debug] [2025-07-09T02:41:55.036Z] >>> [apiv2][body] POST https://cloudresourcemanager.googleapis.com/v1/projects/food-truck-730ef:testIamPermissions {"permissions":["firebase.projects.get","firebasehosting.sites.update"]}
[debug] [2025-07-09T02:41:55.353Z] <<< [apiv2][status] POST https://cloudresourcemanager.googleapis.com/v1/projects/food-truck-730ef:testIamPermissions 200
[debug] [2025-07-09T02:41:55.353Z] <<< [apiv2][body] POST https://cloudresourcemanager.googleapis.com/v1/projects/food-truck-730ef:testIamPermissions {}
[debug] [2025-07-09T02:41:55.353Z] [iam] error while checking permissions, command may fail: Authorization failed. This account is missing the following required permissions on project food-truck-730ef:

  firebase.projects.get
  firebasehosting.sites.update
[debug] [2025-07-09T02:41:55.354Z] Checked if tokens are valid: true, expires at: 1752030119347
[debug] [2025-07-09T02:41:55.354Z] Checked if tokens are valid: true, expires at: 1752030119347
[debug] [2025-07-09T02:41:55.354Z] >>> [apiv2][query] GET https://firebase.googleapis.com/v1beta1/projects/food-truck-730ef [none]
[debug] [2025-07-09T02:41:55.625Z] <<< [apiv2][status] GET https://firebase.googleapis.com/v1beta1/projects/food-truck-730ef 403
[debug] [2025-07-09T02:41:55.625Z] <<< [apiv2][body] GET https://firebase.googleapis.com/v1beta1/projects/food-truck-730ef {"error":{"code":403,"message":"The caller does not have permission","status":"PERMISSION_DENIED"}}
[debug] [2025-07-09T02:41:55.626Z] Request to https://firebase.googleapis.com/v1beta1/projects/food-truck-730ef had HTTP Error: 403, The caller does not have permission
[debug] [2025-07-09T02:41:55.627Z] FirebaseError: Request to https://firebase.googleapis.com/v1beta1/projects/food-truck-730ef had HTTP Error: 403, The caller does not have permission
    at responseToError (/nix/store/fprgfkwna33crhc86jqbf5878piivvgw-firebase-tools-14.7.0/lib/node_modules/firebase-tools/lib/responseToError.js:52:12)
    at RetryOperation._fn (/nix/store/fprgfkwna33crhc86jqbf5878piivvgw-firebase-tools-14.7.0/lib/node_modules/firebase-tools/lib/apiv2.js:312:77)
    at process.processTicksAndRejections (node:internal/process/task_queues:95:5)
[error] 
[error] Error: Failed to get Firebase project food-truck-730ef. Please make sure the project exists and your account has permission to access it.
[debug] [2025-07-09T02:48:04.781Z] ----------------------------------------------------------------------
[debug] [2025-07-09T02:48:04.783Z] Command:       /nix/store/rbdrkcs5kkwpalxcd7c6bnm33lk2955n-nodejs-20.19.0/bin/node /nix/store/fprgfkwna33crhc86jqbf5878piivvgw-firebase-tools-14.7.0/lib/node_modules/firebase-tools/lib/bin/firebase.js deploy --only hosting
[debug] [2025-07-09T02:48:04.784Z] CLI Version:   14.7.0
[debug] [2025-07-09T02:48:04.784Z] Platform:      linux
[debug] [2025-07-09T02:48:04.784Z] Node Version:  v20.19.0
[debug] [2025-07-09T02:48:04.784Z] Time:          Wed Jul 09 2025 02:48:04 GMT+0000 (Coordinated Universal Time)
[debug] [2025-07-09T02:48:04.784Z] ----------------------------------------------------------------------
[debug] 
[debug] [2025-07-09T02:48:05.032Z] > command requires scopes: ["email","openid","https://www.googleapis.com/auth/cloudplatformprojects.readonly","https://www.googleapis.com/auth/firebase","https://www.googleapis.com/auth/cloud-platform"]
[debug] [2025-07-09T02:48:05.032Z] > authorizing via signed-in user (franck.belot@gmail.com)
[debug] [2025-07-09T02:48:05.033Z] [iam] checking project food-truck-730ef for permissions ["firebase.projects.get","firebasehosting.sites.update"]
[debug] [2025-07-09T02:48:05.034Z] Checked if tokens are valid: false, expires at: 1752030119347
[debug] [2025-07-09T02:48:05.034Z] Checked if tokens are valid: false, expires at: 1752030119347
[debug] [2025-07-09T02:48:05.034Z] > refreshing access token with scopes: []
[debug] [2025-07-09T02:48:05.036Z] >>> [apiv2][query] POST https://www.googleapis.com/oauth2/v3/token [none]
[debug] [2025-07-09T02:48:05.036Z] >>> [apiv2][body] POST https://www.googleapis.com/oauth2/v3/token [omitted]
[debug] [2025-07-09T02:48:05.145Z] <<< [apiv2][status] POST https://www.googleapis.com/oauth2/v3/token 200
[debug] [2025-07-09T02:48:05.145Z] <<< [apiv2][body] POST https://www.googleapis.com/oauth2/v3/token [omitted]
[debug] [2025-07-09T02:48:05.156Z] >>> [apiv2][query] POST https://cloudresourcemanager.googleapis.com/v1/projects/food-truck-730ef:testIamPermissions [none]
[debug] [2025-07-09T02:48:05.156Z] >>> [apiv2][(partial)header] POST https://cloudresourcemanager.googleapis.com/v1/projects/food-truck-730ef:testIamPermissions x-goog-quota-user=projects/food-truck-730ef
[debug] [2025-07-09T02:48:05.156Z] >>> [apiv2][body] POST https://cloudresourcemanager.googleapis.com/v1/projects/food-truck-730ef:testIamPermissions {"permissions":["firebase.projects.get","firebasehosting.sites.update"]}
[debug] [2025-07-09T02:48:05.433Z] <<< [apiv2][status] POST https://cloudresourcemanager.googleapis.com/v1/projects/food-truck-730ef:testIamPermissions 200
[debug] [2025-07-09T02:48:05.433Z] <<< [apiv2][body] POST https://cloudresourcemanager.googleapis.com/v1/projects/food-truck-730ef:testIamPermissions {}
[debug] [2025-07-09T02:48:05.433Z] [iam] error while checking permissions, command may fail: Authorization failed. This account is missing the following required permissions on project food-truck-730ef:

  firebase.projects.get
  firebasehosting.sites.update
[debug] [2025-07-09T02:48:05.434Z] Checked if tokens are valid: true, expires at: 1752032884145
[debug] [2025-07-09T02:48:05.434Z] Checked if tokens are valid: true, expires at: 1752032884145
[debug] [2025-07-09T02:48:05.434Z] >>> [apiv2][query] GET https://firebase.googleapis.com/v1beta1/projects/food-truck-730ef [none]
[debug] [2025-07-09T02:48:05.732Z] <<< [apiv2][status] GET https://firebase.googleapis.com/v1beta1/projects/food-truck-730ef 403
[debug] [2025-07-09T02:48:05.732Z] <<< [apiv2][body] GET https://firebase.googleapis.com/v1beta1/projects/food-truck-730ef {"error":{"code":403,"message":"The caller does not have permission","status":"PERMISSION_DENIED"}}
[debug] [2025-07-09T02:48:05.733Z] Request to https://firebase.googleapis.com/v1beta1/projects/food-truck-730ef had HTTP Error: 403, The caller does not have permission
[debug] [2025-07-09T02:48:05.734Z] FirebaseError: Request to https://firebase.googleapis.com/v1beta1/projects/food-truck-730ef had HTTP Error: 403, The caller does not have permission
    at responseToError (/nix/store/fprgfkwna33crhc86jqbf5878piivvgw-firebase-tools-14.7.0/lib/node_modules/firebase-tools/lib/responseToError.js:52:12)
    at RetryOperation._fn (/nix/store/fprgfkwna33crhc86jqbf5878piivvgw-firebase-tools-14.7.0/lib/node_modules/firebase-tools/lib/apiv2.js:312:77)
    at process.processTicksAndRejections (node:internal/process/task_queues:95:5)
[error] 
[error] Error: Failed to get Firebase project food-truck-730ef. Please make sure the project exists and your account has permission to access it.
[debug] [2025-07-09T02:49:12.862Z] ----------------------------------------------------------------------
[debug] [2025-07-09T02:49:12.864Z] Command:       /nix/store/rbdrkcs5kkwpalxcd7c6bnm33lk2955n-nodejs-20.19.0/bin/node /nix/store/fprgfkwna33crhc86jqbf5878piivvgw-firebase-tools-14.7.0/lib/node_modules/firebase-tools/lib/bin/firebase.js deploy --only hosting
[debug] [2025-07-09T02:49:12.864Z] CLI Version:   14.7.0
[debug] [2025-07-09T02:49:12.864Z] Platform:      linux
[debug] [2025-07-09T02:49:12.864Z] Node Version:  v20.19.0
[debug] [2025-07-09T02:49:12.864Z] Time:          Wed Jul 09 2025 02:49:12 GMT+0000 (Coordinated Universal Time)
[debug] [2025-07-09T02:49:12.865Z] ----------------------------------------------------------------------
[debug] 
[debug] [2025-07-09T02:49:13.095Z] > command requires scopes: ["email","openid","https://www.googleapis.com/auth/cloudplatformprojects.readonly","https://www.googleapis.com/auth/firebase","https://www.googleapis.com/auth/cloud-platform"]
[debug] [2025-07-09T02:49:13.096Z] > authorizing via signed-in user (franck.belot@gmail.com)
[debug] [2025-07-09T02:49:13.096Z] [iam] checking project food-truck-729ef for permissions ["firebase.projects.get","firebasehosting.sites.update"]
[debug] [2025-07-09T02:49:13.097Z] Checked if tokens are valid: true, expires at: 1752032884145
[debug] [2025-07-09T02:49:13.097Z] Checked if tokens are valid: true, expires at: 1752032884145
[debug] [2025-07-09T02:49:13.098Z] >>> [apiv2][query] POST https://cloudresourcemanager.googleapis.com/v1/projects/food-truck-729ef:testIamPermissions [none]
[debug] [2025-07-09T02:49:13.098Z] >>> [apiv2][(partial)header] POST https://cloudresourcemanager.googleapis.com/v1/projects/food-truck-729ef:testIamPermissions x-goog-quota-user=projects/food-truck-729ef
[debug] [2025-07-09T02:49:13.098Z] >>> [apiv2][body] POST https://cloudresourcemanager.googleapis.com/v1/projects/food-truck-729ef:testIamPermissions {"permissions":["firebase.projects.get","firebasehosting.sites.update"]}
[debug] [2025-07-09T02:49:13.345Z] <<< [apiv2][status] POST https://cloudresourcemanager.googleapis.com/v1/projects/food-truck-729ef:testIamPermissions 200
[debug] [2025-07-09T02:49:13.345Z] <<< [apiv2][body] POST https://cloudresourcemanager.googleapis.com/v1/projects/food-truck-729ef:testIamPermissions {}
[debug] [2025-07-09T02:49:13.345Z] [iam] error while checking permissions, command may fail: Authorization failed. This account is missing the following required permissions on project food-truck-729ef:

  firebase.projects.get
  firebasehosting.sites.update
[debug] [2025-07-09T02:49:13.346Z] Checked if tokens are valid: true, expires at: 1752032884145
[debug] [2025-07-09T02:49:13.346Z] Checked if tokens are valid: true, expires at: 1752032884145
[debug] [2025-07-09T02:49:13.347Z] >>> [apiv2][query] GET https://firebase.googleapis.com/v1beta1/projects/food-truck-729ef [none]
[debug] [2025-07-09T02:49:13.630Z] <<< [apiv2][status] GET https://firebase.googleapis.com/v1beta1/projects/food-truck-729ef 403
[debug] [2025-07-09T02:49:13.631Z] <<< [apiv2][body] GET https://firebase.googleapis.com/v1beta1/projects/food-truck-729ef {"error":{"code":403,"message":"The caller does not have permission","status":"PERMISSION_DENIED"}}
[debug] [2025-07-09T02:49:13.632Z] Request to https://firebase.googleapis.com/v1beta1/projects/food-truck-729ef had HTTP Error: 403, The caller does not have permission
[debug] [2025-07-09T02:49:13.633Z] FirebaseError: Request to https://firebase.googleapis.com/v1beta1/projects/food-truck-729ef had HTTP Error: 403, The caller does not have permission
    at responseToError (/nix/store/fprgfkwna33crhc86jqbf5878piivvgw-firebase-tools-14.7.0/lib/node_modules/firebase-tools/lib/responseToError.js:52:12)
    at RetryOperation._fn (/nix/store/fprgfkwna33crhc86jqbf5878piivvgw-firebase-tools-14.7.0/lib/node_modules/firebase-tools/lib/apiv2.js:312:77)
    at process.processTicksAndRejections (node:internal/process/task_queues:95:5)
[error] 
[error] Error: Failed to get Firebase project food-truck-729ef. Please make sure the project exists and your account has permission to access it.
